// Jest Snapshot v1, https://goo.gl/fbAQLP

exports[`Carousel renders the same as snapshot 1`] = `
<div
  className="carouselWrapper galleryCarousel"
  data-is-keyboard-user="true"
>
  <div
    className="carousel"
    onMouseDown={[Function]}
    onMouseLeave={[Function]}
    onMouseMove={[Function]}
    onMouseUp={[Function]}
  >
    <ul
      className="ribbon"
      tabIndex={0}
    >
      <li
        className="slide"
      >
        <figure
          className="figure"
        >
          <img
            alt="Kitten of size 700 pixels"
            aria-label="Kitten of size 700 pixels"
            className="image"
            loading="lazy"
            onError={[Function]}
            onLoad={[Function]}
            src=""
            style={
              Object {
                "objectFit": null,
              }
            }
          />
        </figure>
      </li>
      <li
        className="slide"
      >
        <figure
          className="figure"
        >
          <img
            alt="Kitten of size 900 pixels"
            aria-label="Kitten of size 900 pixels"
            className="image"
            loading="lazy"
            onError={[Function]}
            onLoad={[Function]}
            src=""
            style={
              Object {
                "objectFit": null,
              }
            }
          />
        </figure>
      </li>
      <li
        className="slide"
      >
        <figure
          className="figure"
        >
          <img
            alt="Kitten of size 800 pixels"
            aria-label="Kitten of size 800 pixels"
            className="image"
            loading="lazy"
            onError={[Function]}
            onLoad={[Function]}
            src=""
            style={
              Object {
                "objectFit": null,
              }
            }
          />
        </figure>
      </li>
      <li
        className="slide"
      >
        <figure
          className="figure"
        >
          <img
            alt="Kitten of size 700 pixels"
            aria-label="Kitten of size 700 pixels"
            className="image"
            loading="lazy"
            onError={[Function]}
            onLoad={[Function]}
            src=""
            style={
              Object {
                "objectFit": null,
              }
            }
          />
        </figure>
      </li>
      <li
        className="slide"
      >
        <figure
          className="figure"
        >
          <img
            alt="Kitten of size 900 pixels"
            aria-label="Kitten of size 900 pixels"
            className="image"
            loading="lazy"
            onError={[Function]}
            onLoad={[Function]}
            src=""
            style={
              Object {
                "objectFit": null,
              }
            }
          />
        </figure>
      </li>
    </ul>
    <div
      className="widgetWrapper textWrapper topCenter"
    >
      <span
        className="text"
      >
        1
         / 
        3
      </span>
    </div>
    <div
      className="widgetWrapper topLeft"
    >
      <button
        aria-disabled={false}
        aria-label="Start Autoplay"
        className="button play"
        onClick={[Function]}
      />
    </div>
    <div
      className="widgetWrapper topRight"
    >
      <button
        aria-disabled={false}
        aria-label="Maximize Slides"
        className="button maximize"
        onClick={[Function]}
      />
    </div>
    <div
      className="widgetWrapper centerLeft"
    >
      <button
        aria-disabled={false}
        aria-label="Previous Slide"
        className="button left"
        onClick={[Function]}
      />
    </div>
    <div
      className="widgetWrapper centerRight"
    >
      <button
        aria-disabled={false}
        aria-label="Next Slide"
        className="button right"
        onClick={[Function]}
      />
    </div>
  </div>
  <div
    className="thumbnails"
    onWheel={[Function]}
  >
    <img
      alt="Kitten of size 900 pixels"
      aria-label="Kitten of size 900 pixels"
      className="image currentImage"
      loading="lazy"
      onClick={[Function]}
      onError={[Function]}
      src=""
      title="Kitten of size 900 pixels"
    />
    <img
      alt="Kitten of size 800 pixels"
      aria-label="Kitten of size 800 pixels"
      className="image"
      loading="lazy"
      onClick={[Function]}
      onError={[Function]}
      src=""
      title="Kitten of size 800 pixels"
    />
    <img
      alt="Kitten of size 700 pixels"
      aria-label="Kitten of size 700 pixels"
      className="image"
      loading="lazy"
      onClick={[Function]}
      onError={[Function]}
      src=""
      title="Kitten of size 700 pixels"
    />
  </div>
</div>
`;
